
> backend@0.0.1 test
> jest

